[INFO] Scanning for projects...
[INFO] 
[INFO] -----------------< com.example:drools-decision-table >------------------
[INFO] Building drools-decision-table 0.0.1-SNAPSHOT
[INFO] --------------------------------[ jar ]---------------------------------
[INFO] 
[INFO] --- maven-resources-plugin:3.3.1:resources (default-resources) @ drools-decision-table ---
[INFO] Copying 0 resource from src/main/resources to target/classes
[INFO] Copying 1 resource from src/main/resources to target/classes
[INFO] 
[INFO] --- maven-compiler-plugin:3.11.0:compile (default-compile) @ drools-decision-table ---
[INFO] Nothing to compile - all classes are up to date
[INFO] 
[INFO] --- maven-resources-plugin:3.3.1:testResources (default-testResources) @ drools-decision-table ---
[INFO] skip non existing resourceDirectory /Users/pkshrestha/git/drools-simple-decisiont-table/src/test/resources
[INFO] 
[INFO] --- maven-compiler-plugin:3.11.0:testCompile (default-testCompile) @ drools-decision-table ---
[INFO] Nothing to compile - all classes are up to date
[INFO] 
[INFO] --- maven-surefire-plugin:3.1.2:test (default-test) @ drools-decision-table ---
[INFO] Using auto detected provider org.apache.maven.surefire.junitplatform.JUnitPlatformProvider
[INFO] 
[INFO] -------------------------------------------------------
[INFO]  T E S T S
[INFO] -------------------------------------------------------
[INFO] Running com.example.drools.DroolsApplicationTests
00:17:52.395 [main] INFO org.springframework.test.context.support.AnnotationConfigContextLoaderUtils -- Could not detect default configuration classes for test class [com.example.drools.DroolsApplicationTests]: DroolsApplicationTests does not declare any static, non-private, non-final, nested classes annotated with @Configuration.
00:17:52.552 [main] INFO org.springframework.boot.test.context.SpringBootTestContextBootstrapper -- Found @SpringBootConfiguration com.example.drools.DroolsApplication for test class com.example.drools.DroolsApplicationTests

  .   ____          _            __ _ _
 /\\ / ___'_ __ _ _(_)_ __  __ _ \ \ \ \
( ( )\___ | '_ | '_| | '_ \/ _` | \ \ \ \
 \\/  ___)| |_)| | | | | || (_| |  ) ) ) )
  '  |____| .__|_| |_|_| |_\__, | / / / /
 =========|_|==============|___/=/_/_/_/
 :: Spring Boot ::                (v3.2.1)

2026-01-15T00:17:53.094-05:00  INFO 86545 --- [           main] c.example.drools.DroolsApplicationTests  : Starting DroolsApplicationTests using Java 21.0.4 with PID 86545 (started by pkshrestha in /Users/pkshrestha/git/drools-simple-decisiont-table)
2026-01-15T00:17:53.096-05:00  INFO 86545 --- [           main] c.example.drools.DroolsApplicationTests  : No active profile set, falling back to 1 default profile: "default"
Loading rule file: clinical-rules.csv

=== GENERATED DRL START (clinical-rules.csv) ===
package com.example.drools.rules;
//generated from Decision Table
import com.example.drools.model.Person;
import com.example.drools.model.Claim;
import com.example.drools.model.Audit;
// rule values at A11, header at A6
rule "ClinicalCheck_11"
	when
		Person(age >= 18 && age <= 65)
		Person(gender == "Male")
		a:Audit(eval(true))
	then
		a.addAudit("Adult Male detected");
end

// rule values at A12, header at A6
rule "ClinicalCheck_12"
	when
		Person(age >= 18 && age <= 65)
		Person(gender == "Female")
		a:Audit(eval(true))
	then
		a.addAudit("Adult Female detected");
end

// rule values at A13, header at A6
rule "ClinicalCheck_13"
	when
		Person(age > 65)
		Person(gender == "Male")
		a:Audit(eval(true))
	then
		a.addAudit("Senior Male detected");
end

// rule values at A14, header at A6
rule "ClinicalCheck_14"
	when
		Person(age > 65)
		Person(gender == "Female")
		a:Audit(eval(true))
	then
		a.addAudit("Senior Female detected");
end

// rule values at A15, header at A6
rule "ClinicalCheck_15"
	when
		Person(age < 18)
		a:Audit(eval(true))
	then
		a.addAudit("Minor detected");
end

// rule values at A22, header at A17
rule "ClaimsCheck_22"
	when
		Claim(type == "Dental")
		Claim(amount > 1000)
		a:Audit(eval(true))
	then
		a.addAudit("High Value Dental Claim");
end

// rule values at A23, header at A17
rule "ClaimsCheck_23"
	when
		Claim(type == "Vision")
		Claim(amount > 500)
		a:Audit(eval(true))
	then
		a.addAudit("High Value Vision Claim");
end

// rule values at A24, header at A17
rule "ClaimsCheck_24"
	when
		Claim(type == "Medical")
		Claim(amount > 5000)
		a:Audit(eval(true))
	then
		a.addAudit("High Value Medical Claim");
end

// rule values at A31, header at A26
rule "Screening_31"
	when
		Person(age >= 40)
		a:Audit(eval(true))
	then
		a.addAudit("Screening Recommended: Mammogram required+");
end

// rule values at A32, header at A26
rule "Screening_32"
	when
		Person(age >= 50)
		a:Audit(eval(true))
	then
		a.addAudit("Screening Recommended: Colonoscopy required+");
end

// rule values at A39, header at A34
rule "Adjudication_39"
	when
		p:Person(age < 18)
		c:Claim(type == "Dental")
		c:Claim(amount > 1500)
		a:Audit(eval(true))
	then
		a.addAudit("Adjudication: REVIEW REQUIRED: High-cost Minor Dental");
end

// rule values at A40, header at A34
rule "Adjudication_40"
	when
		p:Person(age > 65)
		c:Claim(type == "Medical")
		c:Claim(amount <= 10000)
		a:Audit(eval(true))
	then
		a.addAudit("Adjudication: APPROVED: Senior Medical within limit");
end

// rule values at A41, header at A34
rule "Adjudication_41"
	when
		c:Claim(type == "Vision")
		c:Claim(amount > 2000)
		a:Audit(eval(true))
	then
		a.addAudit("Adjudication: DENIED: Vision benefit limit exceeded");
end


=== GENERATED DRL END ===

2026-01-15T00:17:54.350-05:00  WARN 86545 --- [           main] o.d.c.kie.builder.impl.KieBuilderImpl    : File 'rules/clinical-rules.csv' is in folder 'rules' but declares package 'com.example.drools.rules'. It is advised to have a correspondance between package and folder names.
